// Jest Snapshot v1, https://goo.gl/fbAQLP

exports[`<TextField /> renders component 1`] = `
.c0 {
  font-size: 16px;
  font-weight: 400;
  line-height: 1.25;
  -webkit-text-decoration: none;
  text-decoration: none;
}

.c1 {
  width: 100%;
  border: 1px solid #819CA9;
  padding: 12px 16px;
  outline: 0;
  border-radius: 6px;
}

<input
  class="c0 c1"
  name="nome"
  placeholder="Nome"
  type="text"
  value="Pedro"
/>
`;
